Configuration file: /Users/shangzhan/zhanghe3z/_config.yml
            Source: /Users/shangzhan/zhanghe3z
       Destination: /Users/shangzhan/zhanghe3z/_site
 Incremental build: disabled. Enable with --incremental
      Generating... 
Fetching external posts from medium.com:
[31m                    ------------------------------------------------[0m
[31m      Jekyll 4.4.1   Please append `--trace` to the `build` command [0m
[31m                     for any additional information or backtrace. [0m
[31m                    ------------------------------------------------[0m
/opt/homebrew/Cellar/ruby/3.4.7/lib/ruby/3.4.0/net/protocol.rb:46:in 'OpenSSL::SSL::SSLSocket#connect_nonblock': SSL_connect returned=1 errno=0 peeraddr=162.125.2.3:443 state=error: unexpected eof while reading (OpenSSL::SSL::SSLError)
	from /opt/homebrew/Cellar/ruby/3.4.7/lib/ruby/3.4.0/net/protocol.rb:46:in 'Net::Protocol#ssl_socket_connect'
	from /opt/homebrew/Cellar/ruby/3.4.7/lib/ruby/3.4.0/net/http.rb:1736:in 'Net::HTTP#connect'
	from /opt/homebrew/Cellar/ruby/3.4.7/lib/ruby/3.4.0/net/http.rb:1636:in 'Net::HTTP#do_start'
	from /opt/homebrew/Cellar/ruby/3.4.7/lib/ruby/3.4.0/net/http.rb:1625:in 'Net::HTTP#start'
	from /opt/homebrew/Cellar/ruby/3.4.7/lib/ruby/3.4.0/net/http.rb:2369:in 'Net::HTTP#request'
	from /opt/homebrew/lib/ruby/gems/3.4.0/gems/httparty-0.23.1/lib/httparty/request.rb:157:in 'HTTParty::Request#perform'
	from /opt/homebrew/lib/ruby/gems/3.4.0/gems/httparty-0.23.1/lib/httparty.rb:621:in 'HTTParty::ClassMethods#perform_request'
	from /opt/homebrew/lib/ruby/gems/3.4.0/gems/httparty-0.23.1/lib/httparty.rb:531:in 'HTTParty::ClassMethods#get'
	from /opt/homebrew/lib/ruby/gems/3.4.0/gems/httparty-0.23.1/lib/httparty.rb:654:in 'HTTParty.get'
	from /Users/shangzhan/zhanghe3z/_plugins/external-posts.rb:26:in 'ExternalPosts::ExternalPostsGenerator#fetch_from_rss'
	from /Users/shangzhan/zhanghe3z/_plugins/external-posts.rb:17:in 'block in ExternalPosts::ExternalPostsGenerator#generate'
	from /Users/shangzhan/zhanghe3z/_plugins/external-posts.rb:14:in 'Array#each'
	from /Users/shangzhan/zhanghe3z/_plugins/external-posts.rb:14:in 'ExternalPosts::ExternalPostsGenerator#generate'
	from /opt/homebrew/lib/ruby/gems/3.4.0/gems/jekyll-4.4.1/lib/jekyll/site.rb:193:in 'block in Jekyll::Site#generate'
	from /opt/homebrew/lib/ruby/gems/3.4.0/gems/jekyll-4.4.1/lib/jekyll/site.rb:191:in 'Array#each'
	from /opt/homebrew/lib/ruby/gems/3.4.0/gems/jekyll-4.4.1/lib/jekyll/site.rb:191:in 'Jekyll::Site#generate'
	from /opt/homebrew/lib/ruby/gems/3.4.0/gems/jekyll-4.4.1/lib/jekyll/site.rb:79:in 'Jekyll::Site#process'
	from /opt/homebrew/lib/ruby/gems/3.4.0/gems/jekyll-4.4.1/lib/jekyll/command.rb:28:in 'Jekyll::Command.process_site'
	from /opt/homebrew/lib/ruby/gems/3.4.0/gems/jekyll-4.4.1/lib/jekyll/commands/build.rb:65:in 'Jekyll::Commands::Build.build'
	from /opt/homebrew/lib/ruby/gems/3.4.0/gems/jekyll-4.4.1/lib/jekyll/commands/build.rb:36:in 'Jekyll::Commands::Build.process'
	from /opt/homebrew/lib/ruby/gems/3.4.0/gems/jekyll-4.4.1/lib/jekyll/command.rb:91:in 'block in Jekyll::Command.process_with_graceful_fail'
	from /opt/homebrew/lib/ruby/gems/3.4.0/gems/jekyll-4.4.1/lib/jekyll/command.rb:91:in 'Array#each'
	from /opt/homebrew/lib/ruby/gems/3.4.0/gems/jekyll-4.4.1/lib/jekyll/command.rb:91:in 'Jekyll::Command.process_with_graceful_fail'
	from /opt/homebrew/lib/ruby/gems/3.4.0/gems/jekyll-4.4.1/lib/jekyll/commands/build.rb:18:in 'block (2 levels) in Jekyll::Commands::Build.init_with_program'
	from /opt/homebrew/lib/ruby/gems/3.4.0/gems/mercenary-0.4.0/lib/mercenary/command.rb:221:in 'block in Mercenary::Command#execute'
	from /opt/homebrew/lib/ruby/gems/3.4.0/gems/mercenary-0.4.0/lib/mercenary/command.rb:221:in 'Array#each'
	from /opt/homebrew/lib/ruby/gems/3.4.0/gems/mercenary-0.4.0/lib/mercenary/command.rb:221:in 'Mercenary::Command#execute'
	from /opt/homebrew/lib/ruby/gems/3.4.0/gems/mercenary-0.4.0/lib/mercenary/program.rb:44:in 'Mercenary::Program#go'
	from /opt/homebrew/lib/ruby/gems/3.4.0/gems/mercenary-0.4.0/lib/mercenary.rb:21:in 'Mercenary.program'
	from /opt/homebrew/lib/ruby/gems/3.4.0/gems/jekyll-4.4.1/exe/jekyll:15:in '<top (required)>'
	from /opt/homebrew/Cellar/ruby/3.4.7/lib/ruby/3.4.0/rubygems.rb:319:in 'Kernel#load'
	from /opt/homebrew/Cellar/ruby/3.4.7/lib/ruby/3.4.0/rubygems.rb:319:in 'Gem.activate_and_load_bin_path'
	from /opt/homebrew/lib/ruby/gems/3.4.0/bin/jekyll:25:in '<top (required)>'
	from /opt/homebrew/lib/ruby/gems/3.4.0/gems/bundler-2.6.9/lib/bundler/cli/exec.rb:59:in 'Kernel.load'
	from /opt/homebrew/lib/ruby/gems/3.4.0/gems/bundler-2.6.9/lib/bundler/cli/exec.rb:59:in 'Bundler::CLI::Exec#kernel_load'
	from /opt/homebrew/lib/ruby/gems/3.4.0/gems/bundler-2.6.9/lib/bundler/cli/exec.rb:23:in 'Bundler::CLI::Exec#run'
	from /opt/homebrew/lib/ruby/gems/3.4.0/gems/bundler-2.6.9/lib/bundler/cli.rb:452:in 'Bundler::CLI#exec'
	from /opt/homebrew/lib/ruby/gems/3.4.0/gems/bundler-2.6.9/lib/bundler/vendor/thor/lib/thor/command.rb:28:in 'Bundler::Thor::Command#run'
	from /opt/homebrew/lib/ruby/gems/3.4.0/gems/bundler-2.6.9/lib/bundler/vendor/thor/lib/thor/invocation.rb:127:in 'Bundler::Thor::Invocation#invoke_command'
	from /opt/homebrew/lib/ruby/gems/3.4.0/gems/bundler-2.6.9/lib/bundler/vendor/thor/lib/thor.rb:538:in 'Bundler::Thor.dispatch'
	from /opt/homebrew/lib/ruby/gems/3.4.0/gems/bundler-2.6.9/lib/bundler/cli.rb:35:in 'Bundler::CLI.dispatch'
	from /opt/homebrew/lib/ruby/gems/3.4.0/gems/bundler-2.6.9/lib/bundler/vendor/thor/lib/thor/base.rb:584:in 'Bundler::Thor::Base::ClassMethods#start'
	from /opt/homebrew/lib/ruby/gems/3.4.0/gems/bundler-2.6.9/lib/bundler/cli.rb:29:in 'Bundler::CLI.start'
	from /opt/homebrew/lib/ruby/gems/3.4.0/gems/bundler-2.6.9/exe/bundle:28:in 'block in <top (required)>'
	from /opt/homebrew/lib/ruby/gems/3.4.0/gems/bundler-2.6.9/lib/bundler/friendly_errors.rb:117:in 'Bundler.with_friendly_errors'
	from /opt/homebrew/lib/ruby/gems/3.4.0/gems/bundler-2.6.9/exe/bundle:20:in '<top (required)>'
	from /opt/homebrew/Cellar/ruby/3.4.7/lib/ruby/3.4.0/rubygems.rb:319:in 'Kernel#load'
	from /opt/homebrew/Cellar/ruby/3.4.7/lib/ruby/3.4.0/rubygems.rb:319:in 'Gem.activate_and_load_bin_path'
	from /opt/homebrew/opt/ruby/bin/bundle:25:in '<main>'
